gpu4
Architecture:        x86_64
CPU op-mode(s):      32-bit, 64-bit
Byte Order:          Little Endian
CPU(s):              64
On-line CPU(s) list: 0-63
Thread(s) per core:  1
Core(s) per socket:  32
Socket(s):           2
NUMA node(s):        2
Vendor ID:           GenuineIntel
CPU family:          6
Model:               106
Model name:          Intel(R) Xeon(R) Platinum 8358 CPU @ 2.60GHz
Stepping:            6
CPU MHz:             1417.022
CPU max MHz:         3400.0000
CPU min MHz:         800.0000
BogoMIPS:            5200.00
Virtualization:      VT-x
L1d cache:           48K
test_causal_outputs_and_gradients_with_or_without_position (test_min_llm.LanguageModelTests) ... ok
test_controlled_configurations (test_min_llm.LanguageModelTests) ... ok
test_exact_parameters_and_actual_weight_sharing (test_min_llm.LanguageModelTests) ... ok
test_initial_loss_and_loss_shape (test_min_llm.LanguageModelTests) ... ok
test_sampling_determinism_top1_and_repetition_rule (test_min_llm.LanguageModelTests) ... ok
test_tokenizer_and_shift_including_last_window (test_min_llm.LanguageModelTests) ... ok

----------------------------------------------------------------------
Ran 6 tests in 1.717s

OK
threads 2 seconds/step 0.09616405311971903
threads 4 seconds/step 0.05128406556323171
